Semantic Error: invalid value type for bf1 atribuition 
Semantic Error: invalid value type for bf2 atribuition 
Semantic Error: invalid value type for cf1 atribuition 
Semantic Error: invalid value type for cf2 atribuition 
Semantic Error: invalid value type for cf3 atribuition 
Semantic Error: invalid value type for cf4 atribuition 
Semantic Error: invalid value type for cf5 atribuition 
Semantic Error: invalid value type for cf6 atribuition 
Semantic Error: invalid value type for cf7 atribuition 
Semantic Error: invalid value type for cf8 atribuition 
Semantic Error: invalid value type for cf9 atribuition 
Semantic Error: invalid value type for if1 atribuition 
Semantic Error: invalid value type for if2 atribuition 
Semantic Error: invalid value type for if3 atribuition 
Semantic Error: invalid value type for if4 atribuition 
Semantic Error: invalid value type for if5 atribuition 
Semantic Error: invalid value type for if6 atribuition 
Semantic Error: invalid value type for if7 atribuition 
Semantic Error: invalid value type for if8 atribuition 
Semantic Error: invalid value type for if9 atribuition 
Semantic Error: invalid value type for ff1 atribuition 
Semantic Error: invalid value type for ff2 atribuition 
Semantic Error: invalid value type for ff3 atribuition 
Semantic Error: invalid value type for ff4 atribuition 
Semantic Error: invalid value type for ff5 atribuition 
Semantic Error: invalid value type for ff6 atribuition 
Semantic Error: invalid value type for ff7 atribuition 
Semantic Error: invalid value type for ff8 atribuition 
Semantic Error: invalid value type for ff9 atribuition 
Compilation ERROR! 
