Semantic Error: function foo receiving invalid parameter type
Semantic Error: function foo receiving invalid parameter type
Semantic Error: function foo receiving invalid parameter type
Semantic Error: function foo receiving invalid parameter type
Semantic Error: function foo2 receiving invalid parameter type
Semantic Error: function foo2 receiving invalid parameter type
Semantic Error: invalid value type for a_fail atribuition 
Semantic Error: invalid value type for b_fail0 atribuition 
Semantic Error: invalid value type for c_fail atribuition 
Semantic Error: invalid value type for i_fail atribuition 
Semantic Error: invalid value type for f_fail atribuition 
Semantic Error: invalid value type for b_fail1 atribuition 
Semantic Error: invalid value type for b_fail2 atribuition 
Semantic Error: invalid value type for b_fail3 atribuition 
Semantic Error: function myfunc2 receiving invalid parameter type
Semantic Error: function myfunc2 receiving invalid parameter type
Semantic Error: function myfunc2 receiving invalid parameter type
Compilation ERROR! 
